2026-08-29 16:18:40 - [INFO] - ============================================================
2026-08-29 16:18:40 - [INFO] - KHI BẮT ĐẦU THỰC NGHIỆM PHÂN LỚP (CLASSIFICATION EXPERIMENT)
2026-08-29 16:18:40 - [INFO] - ============================================================
2026-08-29 16:18:40 - [INFO] - [1/5] Đang đọc dữ liệu từ đường dẫn: data/processed/telco_train_data.csv
2026-08-29 16:18:40 - [INFO] - -> Kích thước dữ liệu gốc: 5634 dòng, 32 cột
2026-08-29 16:18:40 - [INFO] - [2/5] Tiến hành ép kiểu và làm sạch dữ liệu khuyết...
2026-08-29 16:18:40 - [INFO] - [3/5] Phân chia dữ liệu Train/Test (Tỷ lệ 80/20, Stratify)...
2026-08-29 16:18:40 - [INFO] - -> Tập Train: 4507 mẫu | Tập Test: 1127 mẫu
2026-08-29 16:18:40 - [INFO] - [4/5] Khởi chạy Cross-Validation & GridSearch tối ưu cho mô hình...
2026-08-29 16:18:56 - [INFO] - -> Hoàn tất quá trình GridSearch trong: 15.54 giây
2026-08-29 16:18:56 - [INFO] - [5/5] Dự đoán và tính toán các chỉ số đánh giá (Metrics)...
2026-08-29 16:18:56 - [INFO] - Mô hình: LOGISTIC_REGRESSION | Params: {'classifier__C': 1.0, 'classifier__solver': 'liblinear'} | Accuracy: 0.7524 | Precision: 0.5219 | Recall: 0.7960 | F1: 0.6305
2026-08-29 16:18:56 - [INFO] - Mô hình: RANDOM_FOREST | Params: {'classifier__max_depth': 10, 'classifier__min_samples_split': 5, 'classifier__n_estimators': 200} | Accuracy: 0.7675 | Precision: 0.5437 | Recall: 0.7692 | F1: 0.6371
2026-08-29 16:18:56 - [INFO] - [LƯU THÀNH CÔNG] Bảng kết quả metrics lưu tại: data/processed/classification_results.csv
2026-08-29 16:18:56 - [INFO] - ============================================================
2026-09-01 09:52:48 - [INFO] - ============================================================
2026-09-01 09:52:48 - [INFO] - KHI BẮT ĐẦU THỰC NGHIỆM PHÂN LỚP KHÔNG RÒ RỈ DỮ LIỆU (NO LEAKAGE)
2026-09-01 09:52:48 - [INFO] - ============================================================
2026-09-01 09:52:48 - [INFO] - Đã đọc dữ liệu thành công: 5634 dòng, 32 cột.
2026-09-01 09:52:48 - [INFO] - Đang huấn luyện mô hình: Logistic Regression...
2026-09-01 09:52:49 - [INFO] - Đang huấn luyện mô hình: Random Forest Classifier...
2026-09-01 09:52:57 - [INFO] - Đã lưu kết quả tại: data/processed/classification_results.csv
2026-09-01 09:54:40 - [INFO] - ============================================================
2026-09-01 09:54:40 - [INFO] - KHI BẮT ĐẦU THỰC NGHIỆM PHÂN LỚP KHÔNG RÒ RỈ DỮ LIỆU (NO LEAKAGE)
2026-09-01 09:54:40 - [INFO] - ============================================================
2026-09-01 09:54:40 - [INFO] - Đã đọc dữ liệu thành công: 5634 dòng, 32 cột.
2026-09-01 09:54:40 - [INFO] - Đang huấn luyện mô hình: Logistic Regression...
2026-09-01 09:54:41 - [INFO] - Đang huấn luyện mô hình: Random Forest Classifier...
2026-09-01 09:54:50 - [INFO] - Đã lưu kết quả tại: data/processed/classification_results.csv
2026-09-01 09:56:32 - [INFO] - ============================================================
2026-09-01 09:56:32 - [INFO] - KHI BẮT ĐẦU THỰC NGHIỆM PHÂN LỚP KHÔNG RÒ RỈ DỮ LIỆU (NO LEAKAGE)
2026-09-01 09:56:32 - [INFO] - ============================================================
2026-09-01 09:56:32 - [INFO] - Đã đọc dữ liệu thành công: 7043 dòng, 21 cột.
2026-09-01 09:56:32 - [INFO] - Đang huấn luyện mô hình: Logistic Regression...
2026-09-01 09:56:33 - [INFO] - Đang huấn luyện mô hình: Random Forest Classifier...
2026-09-01 09:56:43 - [INFO] - Đã lưu kết quả tại: data/processed/classification_results.csv
2026-09-01 20:32:50 - [INFO] - ============================================================
2026-09-01 20:32:50 - [INFO] - BẮT ĐẦU THỰC NGHIỆM PHÂN LỚP (CLASSIFICATION EXPERIMENT)
2026-09-01 20:32:50 - [INFO] - ============================================================
2026-09-01 20:32:50 - [INFO] - Đã tải dữ liệu | Train: 5634 dòng | Test: 1409 dòng
2026-09-01 20:32:50 - [INFO] - Đang tối ưu mô hình: Logistic Regression (GridSearchCV)...
2026-09-01 20:32:53 - [INFO] - Mô hình: LOGISTIC REGRESSION | Time: 2.66s | Params: {'C': 0.1, 'solver': 'lbfgs'} | CV_F1: 0.6345 | Acc: 0.7424 | Prec: 0.5096 | Rec: 0.7834 | F1: 0.6175
2026-09-01 20:32:53 - [INFO] - Đang tối ưu mô hình: Random Forest Classifier (GridSearchCV)...
2026-09-01 20:32:59 - [INFO] - Mô hình: RANDOM FOREST CLASSIFIER | Time: 5.40s | Params: {'max_depth': 10, 'min_samples_split': 2, 'n_estimators': 100} | CV_F1: 0.6353 | Acc: 0.7530 | Prec: 0.5236 | Rec: 0.7701 | F1: 0.6234
2026-09-01 20:32:59 - [INFO] - [LƯU THÀNH CÔNG] Bảng kết quả metrics lưu tại: data/processed/classification_results.csv
2026-09-01 20:32:59 - [INFO] - [LƯU THÀNH CÔNG] Confusion matrix lưu tại: reports/figures\cm_logistic_regression.png
2026-09-01 20:32:59 - [INFO] - [LƯU THÀNH CÔNG] Confusion matrix lưu tại: reports/figures\cm_random_forest_classifier.png
2026-09-01 20:32:59 - [INFO] - ============================================================
2026-09-01 20:33:32 - [INFO] - ============================================================
2026-09-01 20:33:32 - [INFO] - BẮT ĐẦU THỰC NGHIỆM PHÂN LỚP (CLASSIFICATION EXPERIMENT)
2026-09-01 20:33:32 - [INFO] - ============================================================
2026-09-01 20:33:32 - [INFO] - Đã tải dữ liệu | Train: 5634 dòng | Test: 1409 dòng
2026-09-01 20:33:32 - [INFO] - Đang tối ưu mô hình: Logistic Regression (GridSearchCV)...
2026-09-01 20:33:38 - [INFO] - Mô hình: LOGISTIC REGRESSION | Time: 5.62s | Params: {'C': 0.1, 'solver': 'lbfgs'} | CV_F1: 0.6345 | Acc: 0.7424 | Prec: 0.5096 | Rec: 0.7834 | F1: 0.6175
2026-09-01 20:33:38 - [INFO] - Đang tối ưu mô hình: Random Forest Classifier (GridSearchCV)...
2026-09-01 20:33:44 - [INFO] - Mô hình: RANDOM FOREST CLASSIFIER | Time: 6.55s | Params: {'max_depth': 10, 'min_samples_split': 2, 'n_estimators': 100} | CV_F1: 0.6353 | Acc: 0.7530 | Prec: 0.5236 | Rec: 0.7701 | F1: 0.6234
2026-09-01 20:33:44 - [INFO] - [LƯU THÀNH CÔNG] Bảng kết quả metrics lưu tại: data/processed/classification_results.csv
2026-09-01 20:33:44 - [INFO] - [LƯU THÀNH CÔNG] Confusion matrix lưu tại: reports/figures\cm_logistic_regression.png
2026-09-01 20:33:45 - [INFO] - [LƯU THÀNH CÔNG] Confusion matrix lưu tại: reports/figures\cm_random_forest_classifier.png
2026-09-01 20:33:45 - [INFO] - ============================================================
2026-09-08 22:01:45 - [INFO] - ============================================================
2026-09-08 22:01:45 - [INFO] - BẮT ĐẦU THỰC NGHIỆM PHÂN LỚP (CLASSIFICATION EXPERIMENT)
2026-09-08 22:01:45 - [INFO] - ============================================================
2026-09-08 22:01:45 - [INFO] - Đã tải dữ liệu | Train: 5634 dòng | Test: 1409 dòng
2026-09-08 22:01:45 - [INFO] - Đang tối ưu mô hình: Logistic Regression (GridSearchCV)...
2026-09-08 22:01:54 - [INFO] - Mô hình: LOGISTIC REGRESSION | Time: 8.72s | Params: {'C': 0.1, 'solver': 'lbfgs'} | CV_F1: 0.6335 | Acc: 0.7424 | Prec: 0.5096 | Rec: 0.7834 | F1: 0.6175
2026-09-08 22:01:54 - [INFO] - Đang tối ưu mô hình: Random Forest Classifier (GridSearchCV)...
2026-09-08 22:02:10 - [INFO] - Mô hình: RANDOM FOREST CLASSIFIER | Time: 16.26s | Params: {'max_depth': 10, 'min_samples_split': 2, 'n_estimators': 100} | CV_F1: 0.6353 | Acc: 0.7530 | Prec: 0.5236 | Rec: 0.7701 | F1: 0.6234
2026-09-08 22:02:10 - [INFO] - [LƯU THÀNH CÔNG] Bảng kết quả metrics lưu tại: data/processed/classification_results.csv
2026-09-08 22:02:12 - [INFO] - [LƯU THÀNH CÔNG] Confusion matrix lưu tại: reports/figures\cm_logistic_regression.png
2026-09-08 22:02:12 - [INFO] - [LƯU THÀNH CÔNG] Confusion matrix lưu tại: reports/figures\cm_random_forest_classifier.png
2026-09-08 22:02:12 - [INFO] - ============================================================
